
> vite_react_shadcn_ts@0.0.0 build
> vite build

[36mvite v5.4.19 [32mbuilding for production...[36m[39m
transforming...
Browserslist: browsers data (caniuse-lite) is 11 months old. Please run:
  npx update-browserslist-db@latest
  Why you should do it regularly: https://github.com/browserslist/update-db#readme
[32m✓[39m 12 modules transformed.
[31mx[39m Build failed in 3.82s
[31merror during build:
[31m[vite:esbuild] Transform failed with 1 error:
C:/Users/Master/Desktop/Lovable/venda-f-cil-crm-main/src/components/MainLayout.tsx:31:0: ERROR: Unexpected "<<"[31m
file: [36mC:/Users/Master/Desktop/Lovable/venda-f-cil-crm-main/src/components/MainLayout.tsx:31:0[31m
[33m
[33mUnexpected "<<"[33m
29 |  import { CommandMenu } from "./CommandMenu";
30 |  import { Search } from "lucide-react";
31 |  <<<<<<< HEAD
   |  ^
32 |  import { NotificationBell } from "./notifications/NotificationBell";
33 |  import { checkAndNotifyOverdueTasks } from "@/lib/notifications";
[31m
    at failureErrorWithLog (C:\Users\Master\Desktop\Lovable\venda-f-cil-crm-main\node_modules\esbuild\lib\main.js:1472:15)
    at C:\Users\Master\Desktop\Lovable\venda-f-cil-crm-main\node_modules\esbuild\lib\main.js:755:50
    at responseCallbacks.<computed> (C:\Users\Master\Desktop\Lovable\venda-f-cil-crm-main\node_modules\esbuild\lib\main.js:622:9)
    at handleIncomingPacket (C:\Users\Master\Desktop\Lovable\venda-f-cil-crm-main\node_modules\esbuild\lib\main.js:677:12)
    at Socket.readFromStdout (C:\Users\Master\Desktop\Lovable\venda-f-cil-crm-main\node_modules\esbuild\lib\main.js:600:7)
    at Socket.emit (node:events:508:28)
    at addChunk (node:internal/streams/readable:559:12)
    at readableAddChunkPushByteMode (node:internal/streams/readable:510:3)
    at Readable.push (node:internal/streams/readable:390:5)
    at Pipe.onStreamRead (node:internal/stream_base_commons:189:23)[39m
